// Jest Snapshot v1, https://goo.gl/fbAQLP

exports[`test testComponent 1`] = `<div />`;
